[    0.000000] Initializing cgroup subsys cpuset
[    0.000000] Initializing cgroup subsys cpu
[    0.000000] Initializing cgroup subsys cpuacct
[    0.000000] Linux version 4.4.0-127-generic (buildd@lcy01-amd64-023) (gcc version 5.4.0 20160609 (Ubuntu 5.4.0-6ubuntu1~16.04.9) ) #153-Ubuntu SMP Sat May 19 10:58:46 UTC 2018 (Ubuntu 4.4.0-127.153-generic 4.4.128)
[    0.000000] Command line: BOOT_IMAGE=/boot/vmlinuz-4.4.0-127-generic root=LABEL=cloudimg-rootfs ro console=tty1 console=ttyS0
[    0.000000] KERNEL supported cpus:
[    0.000000]   Intel GenuineIntel
[    0.000000]   AMD AuthenticAMD
[    0.000000]   Centaur CentaurHauls
[    0.000000] x86/fpu: xstate_offset[2]:  576, xstate_sizes[2]:  256
[    0.000000] x86/fpu: Supporting XSAVE feature 0x01: 'x87 floating point registers'
[    0.000000] x86/fpu: Supporting XSAVE feature 0x02: 'SSE registers'
[    0.000000] x86/fpu: Supporting XSAVE feature 0x04: 'AVX registers'
[    0.000000] x86/fpu: Enabled xstate features 0x7, context size is 832 bytes, using 'standard' format.
[    0.000000] x86/fpu: Using 'lazy' FPU context switches.
[    0.000000] e820: BIOS-provided physical RAM map:
[    0.000000] BIOS-e820: [mem 0x0000000000000000-0x000000000009fbff] usable
[    0.000000] BIOS-e820: [mem 0x000000000009fc00-0x000000000009ffff] reserved
[    0.000000] BIOS-e820: [mem 0x00000000000f0000-0x00000000000fffff] reserved
[    0.000000] BIOS-e820: [mem 0x0000000000100000-0x000000003ffeffff] usable
[    0.000000] BIOS-e820: [mem 0x000000003fff0000-0x000000003fffffff] ACPI data
[    0.000000] BIOS-e820: [mem 0x00000000fec00000-0x00000000fec00fff] reserved
[    0.000000] BIOS-e820: [mem 0x00000000fee00000-0x00000000fee00fff] reserved
[    0.000000] BIOS-e820: [mem 0x00000000fffc0000-0x00000000ffffffff] reserved
[    0.000000] NX (Execute Disable) protection: active
[    0.000000] SMBIOS 2.5 present.
[    0.000000] Hypervisor detected: KVM
[    0.000000] e820: last_pfn = 0x3fff0 max_arch_pfn = 0x400000000
[    0.000000] MTRR: Disabled
[    0.000000] x86/PAT: MTRRs disabled, skipping PAT initialization too.
[    0.000000] CPU MTRRs all blank - virtualized system.
[    0.000000] x86/PAT: Configuration [0-7]: WB  WT  UC- UC  WB  WT  UC- UC  
[    0.000000] found SMP MP-table at [mem 0x0009fff0-0x0009ffff] mapped at [ffff88000009fff0]
[    0.000000] Scanning 1 areas for low memory corruption
[    0.000000] RAMDISK: [mem 0x36aa4000-0x37549fff]
[    0.000000] ACPI: Early table checksum verification disabled
[    0.000000] ACPI: RSDP 0x00000000000E0000 000024 (v02 VBOX  )
[    0.000000] ACPI: XSDT 0x000000003FFF0030 00003C (v01 VBOX   VBOXXSDT 00000001 ASL  00000061)
[    0.000000] ACPI: FACP 0x000000003FFF00F0 0000F4 (v04 VBOX   VBOXFACP 00000001 ASL  00000061)
[    0.000000] ACPI: DSDT 0x000000003FFF0470 0021FF (v02 VBOX   VBOXBIOS 00000002 INTL 20100528)
[    0.000000] ACPI: FACS 0x000000003FFF0200 000040
[    0.000000] ACPI: FACS 0x000000003FFF0200 000040
[    0.000000] ACPI: APIC 0x000000003FFF0240 00005C (v02 VBOX   VBOXAPIC 00000001 ASL  00000061)
[    0.000000] ACPI: SSDT 0x000000003FFF02A0 0001CC (v01 VBOX   VBOXCPUT 00000002 INTL 20100528)
[    0.000000] No NUMA configuration found
[    0.000000] Faking a node at [mem 0x0000000000000000-0x000000003ffeffff]
[    0.000000] NODE_DATA(0) allocated [mem 0x3ffeb000-0x3ffeffff]
[    0.000000] kvm-clock: Using msrs 4b564d01 and 4b564d00
[    0.000000] kvm-clock: cpu 0, msr 0:3ffe3001, primary cpu clock
[    0.000000] kvm-clock: using sched offset of 3453962103 cycles
[    0.000000] clocksource: kvm-clock: mask: 0xffffffffffffffff max_cycles: 0x1cd42e4dffb, max_idle_ns: 881590591483 ns
[    0.000000] Zone ranges:
[    0.000000]   DMA      [mem 0x0000000000001000-0x0000000000ffffff]
[    0.000000]   DMA32    [mem 0x0000000001000000-0x000000003ffeffff]
[    0.000000]   Normal   empty
[    0.000000]   Device   empty
[    0.000000] Movable zone start for each node
[    0.000000] Early memory node ranges
[    0.000000]   node   0: [mem 0x0000000000001000-0x000000000009efff]
[    0.000000]   node   0: [mem 0x0000000000100000-0x000000003ffeffff]
[    0.000000] Initmem setup node 0 [mem 0x0000000000001000-0x000000003ffeffff]
[    0.000000] ACPI: PM-Timer IO Port: 0x4008
[    0.000000] IOAPIC[0]: apic_id 2, version 32, address 0xfec00000, GSI 0-23
[    0.000000] ACPI: INT_SRC_OVR (bus 0 bus_irq 0 global_irq 2 dfl dfl)
[    0.000000] ACPI: INT_SRC_OVR (bus 0 bus_irq 9 global_irq 9 high level)
[    0.000000] Using ACPI (MADT) for SMP configuration information
[    0.000000] smpboot: Allowing 2 CPUs, 0 hotplug CPUs
[    0.000000] PM: Registered nosave memory: [mem 0x00000000-0x00000fff]
[    0.000000] PM: Registered nosave memory: [mem 0x0009f000-0x0009ffff]
[    0.000000] PM: Registered nosave memory: [mem 0x000a0000-0x000effff]
[    0.000000] PM: Registered nosave memory: [mem 0x000f0000-0x000fffff]
[    0.000000] e820: [mem 0x40000000-0xfebfffff] available for PCI devices
[    0.000000] Booting paravirtualized kernel on KVM
[    0.000000] clocksource: refined-jiffies: mask: 0xffffffff max_cycles: 0xffffffff, max_idle_ns: 7645519600211568 ns
[    0.000000] setup_percpu: NR_CPUS:512 nr_cpumask_bits:512 nr_cpu_ids:2 nr_node_ids:1
[    0.000000] PERCPU: Embedded 34 pages/cpu @ffff88003fc00000 s99544 r8192 d31528 u1048576
[    0.000000] PV qspinlock hash table entries: 256 (order: 0, 4096 bytes)
[    0.000000] Built 1 zonelists in Node order, mobility grouping on.  Total pages: 257912
[    0.000000] Policy zone: DMA32
[    0.000000] Kernel command line: BOOT_IMAGE=/boot/vmlinuz-4.4.0-127-generic root=LABEL=cloudimg-rootfs ro console=tty1 console=ttyS0
[    0.000000] PID hash table entries: 4096 (order: 3, 32768 bytes)
[    0.000000] Memory: 1001616K/1048120K available (8537K kernel code, 1313K rwdata, 4000K rodata, 1512K init, 1316K bss, 46504K reserved, 0K cma-reserved)
[    0.000000] SLUB: HWalign=64, Order=0-3, MinObjects=0, CPUs=2, Nodes=1
[    0.000000] Kernel/User page tables isolation: enabled
[    0.000000] Hierarchical RCU implementation.
[    0.000000] 	Build-time adjustment of leaf fanout to 64.
[    0.000000] 	RCU restricting CPUs from NR_CPUS=512 to nr_cpu_ids=2.
[    0.000000] RCU: Adjusting geometry for rcu_fanout_leaf=64, nr_cpu_ids=2
[    0.000000] NR_IRQS:33024 nr_irqs:440 16
[    0.000000] Console: colour VGA+ 80x25
[    0.000000] console [tty1] enabled
[    0.000000] console [ttyS0] enabled
[    0.000000] tsc: Detected 2599.998 MHz processor
[    2.850170] Calibrating delay loop (skipped) preset value.. 5199.99 BogoMIPS (lpj=10399992)
[    2.854536] pid_max: default: 32768 minimum: 301
[    2.855765] ACPI: Core revision 20150930
[    2.872616] ACPI: 2 ACPI AML tables successfully acquired and loaded
[    2.896835] Security Framework initialized
[    2.897977] Yama: becoming mindful.
[    2.899265] AppArmor: AppArmor initialized
[    2.925196] Dentry cache hash table entries: 131072 (order: 8, 1048576 bytes)
[    2.949383] Inode-cache hash table entries: 65536 (order: 7, 524288 bytes)
[    2.994835] Mount-cache hash table entries: 2048 (order: 2, 16384 bytes)
[    2.996250] Mountpoint-cache hash table entries: 2048 (order: 2, 16384 bytes)
[    3.029564] Initializing cgroup subsys io
[    3.049973] Initializing cgroup subsys memory
[    3.056701] Initializing cgroup subsys devices
[    3.057981] Initializing cgroup subsys freezer
[    3.069926] Initializing cgroup subsys net_cls
[    3.097405] Initializing cgroup subsys perf_event
[    3.137025] Initializing cgroup subsys net_prio
[    3.138172] Initializing cgroup subsys hugetlb
[    3.139190] Initializing cgroup subsys pids
[    3.140215] CPU: Physical Processor ID: 0
[    3.141287] CPU: Processor Core ID: 0
[    3.155351] mce: CPU supports 0 MCE banks
[    3.161246] Last level iTLB entries: 4KB 1024, 2MB 1024, 4MB 1024
[    3.210010] Last level dTLB entries: 4KB 1024, 2MB 1024, 4MB 1024, 1GB 4
[    3.262465] Spectre V2 : Mitigation: Full generic retpoline
[    3.303639] Spectre V2 : Speculation control IBPB not-supported IBRS not-supported
[    3.350902] Speculative Store Bypass: Vulnerable
[    3.358675] Freeing SMP alternatives memory: 32K
[    3.407733] ftrace: allocating 32237 entries in 126 pages
[    3.483586] smpboot: APIC(0) Converting physical 0 to logical package 0
[    3.506558] smpboot: Max logical packages: 1
[    3.507808] x2apic enabled
[    3.530621] Switched APIC routing to physical x2apic.
[    3.577919] ..TIMER: vector=0x30 apic1=0 pin1=2 apic2=-1 pin2=-1
[    3.737268] smpboot: CPU0: Intel(R) Core(TM) i5-4278U CPU @ 2.60GHz (family: 0x6, model: 0x45, stepping: 0x1)
[    3.861438] Performance Events: unsupported p6 CPU model 69 no PMU driver, software events only.
[    3.863894] KVM setup paravirtual spinlock
[    3.912394] x86: Booting SMP configuration:
[    3.927693] .... node  #0, CPUs:      #1
[    3.928804] kvm-clock: cpu 1, msr 0:3ffe3041, secondary cpu clock
[    3.955757] mce: CPU supports 0 MCE banks
[    3.959973] x86: Booted up 1 node, 2 CPUs
[    3.967787] smpboot: Total of 2 processors activated (10399.99 BogoMIPS)
[    4.022160] devtmpfs: initialized
[    4.044852] evm: security.selinux
[    4.076515] evm: security.SMACK64
[    4.106259] evm: security.SMACK64EXEC
[    4.148142] evm: security.SMACK64TRANSMUTE
[    4.187412] evm: security.SMACK64MMAP
[    4.242002] evm: security.ima
[    4.282994] evm: security.capability
[    4.321273] clocksource: jiffies: mask: 0xffffffff max_cycles: 0xffffffff, max_idle_ns: 7645041785100000 ns
[    4.342550] futex hash table entries: 512 (order: 3, 32768 bytes)
[    4.414860] pinctrl core: initialized pinctrl subsystem
[    4.448772] RTC time: 16:55:35, date: 05/30/18
[    4.465117] NET: Registered protocol family 16
[    4.484069] cpuidle: using governor ladder
[    4.520530] cpuidle: using governor menu
[    4.546709] PCCT header not found.
[    4.562262] ACPI: bus type PCI registered
[    4.569554] acpiphp: ACPI Hot Plug PCI Controller Driver version: 0.5
[    4.617773] PCI: Using configuration type 1 for base access
[    4.681832] ACPI: Added _OSI(Module Device)
[    4.721323] ACPI: Added _OSI(Processor Device)
[    4.722390] ACPI: Added _OSI(3.0 _SCP Extensions)
[    4.752375] ACPI: Added _OSI(Processor Aggregator Device)
[    4.769864] ACPI: Executed 1 blocks of module-level executable AML code
[    4.839499] ACPI: Interpreter enabled
[    4.848600] ACPI: (supports S0 S5)
[    4.889653] ACPI: Using IOAPIC for interrupt routing
[    4.960619] PCI: Using host bridge windows from ACPI; if necessary, use "pci=nocrs" and report a bug
[    5.033058] ACPI: PCI Root Bridge [PCI0] (domain 0000 [bus 00-ff])
[    5.071460] acpi PNP0A03:00: _OSC: OS supports [ASPM ClockPM Segments MSI]
[    5.142224] acpi PNP0A03:00: _OSC: not requesting OS control; OS requires [ExtendedConfig ASPM ClockPM MSI]
[    5.240665] acpi PNP0A03:00: fail to add MMCONFIG information, can't access extended PCI configuration space under this bridge.
[    5.322603] PCI host bridge to bus 0000:00
[    5.323570] pci_bus 0000:00: root bus resource [io  0x0000-0x0cf7 window]
[    5.422294] pci_bus 0000:00: root bus resource [io  0x0d00-0xffff window]
[    5.468032] pci_bus 0000:00: root bus resource [mem 0x000a0000-0x000bffff window]
[    5.493245] pci_bus 0000:00: root bus resource [mem 0x40000000-0xffdfffff window]
[    5.500801] pci_bus 0000:00: root bus resource [bus 00-ff]
[    5.506382] pci 0000:00:01.1: legacy IDE quirk: reg 0x10: [io  0x01f0-0x01f7]
[    5.576355] pci 0000:00:01.1: legacy IDE quirk: reg 0x14: [io  0x03f6]
[    5.590317] pci 0000:00:01.1: legacy IDE quirk: reg 0x18: [io  0x0170-0x0177]
[    5.661101] pci 0000:00:01.1: legacy IDE quirk: reg 0x1c: [io  0x0376]
[    5.710434] pci 0000:00:07.0: quirk: [io  0x4000-0x403f] claimed by PIIX4 ACPI
[    5.747300] pci 0000:00:07.0: quirk: [io  0x4100-0x410f] claimed by PIIX4 SMB
[    5.776276] ACPI: PCI Interrupt Link [LNKA] (IRQs 5 9 10 *11)
[    5.828722] ACPI: PCI Interrupt Link [LNKB] (IRQs 5 9 10 *11)
[    5.853127] ACPI: PCI Interrupt Link [LNKC] (IRQs 5 9 *10 11)
[    5.893205] ACPI: PCI Interrupt Link [LNKD] (IRQs 5 *9 10 11)
[    5.907631] ACPI: Enabled 2 GPEs in block 00 to 07
[    5.921929] vgaarb: setting as boot device: PCI:0000:00:02.0
[    5.933860] vgaarb: device added: PCI:0000:00:02.0,decodes=io+mem,owns=io+mem,locks=none
[    6.017575] vgaarb: loaded
[    6.024042] vgaarb: bridge control possible 0000:00:02.0
[    6.066761] SCSI subsystem initialized
[    6.082447] ACPI: bus type USB registered
[    6.099216] usbcore: registered new interface driver usbfs
[    6.132856] usbcore: registered new interface driver hub
[    6.139689] usbcore: registered new device driver usb
[    6.189586] PCI: Using ACPI for IRQ routing
[    6.221707] NetLabel: Initializing
[    6.244806] NetLabel:  domain hash size = 128
[    6.255412] NetLabel:  protocols = UNLABELED CIPSOv4
[    6.304075] NetLabel:  unlabeled traffic allowed by default
[    6.361687] amd_nb: Cannot enumerate AMD northbridges
[    6.412540] clocksource: Switched to clocksource kvm-clock
[    6.451048] AppArmor: AppArmor Filesystem Enabled
[    6.524141] pnp: PnP ACPI init
[    6.540184] pnp: PnP ACPI: found 3 devices
[    6.621135] clocksource: acpi_pm: mask: 0xffffff max_cycles: 0xffffff, max_idle_ns: 2085701024 ns
[    6.699306] NET: Registered protocol family 2
[    6.730756] TCP established hash table entries: 8192 (order: 4, 65536 bytes)
[    6.814843] TCP bind hash table entries: 8192 (order: 5, 131072 bytes)
[    6.911983] TCP: Hash tables configured (established 8192 bind 8192)
[    6.964483] UDP hash table entries: 512 (order: 2, 16384 bytes)
[    7.075518] UDP-Lite hash table entries: 512 (order: 2, 16384 bytes)
[    7.147790] NET: Registered protocol family 1
[    7.159884] pci 0000:00:00.0: Limiting direct PCI/PCI transfers
[    7.161352] pci 0000:00:01.0: Activating ISA DMA hang workarounds
[    7.218440] Unpacking initramfs...
[   10.114682] Freeing initrd memory: 10904K
[   10.179019] RAPL PMU detected, API unit is 2^-32 Joules, 4 fixed counters 10737418240 ms ovfl timer
[   10.250169] hw unit of domain pp0-core 2^-0 Joules
[   10.266271] hw unit of domain package 2^-0 Joules
[   10.275145] hw unit of domain dram 2^-0 Joules
[   10.322702] hw unit of domain pp1-gpu 2^-0 Joules
[   10.330847] platform rtc_cmos: registered platform RTC device (no PNP device found)
[   10.332941] Scanning for low memory corruption every 60 seconds
[   10.365162] audit: initializing netlink subsys (disabled)
[   10.382412] audit: type=2000 audit(1527699341.462:1): initialized
[   10.392658] Initialise system trusted keyring
[   10.394012] HugeTLB registered 2 MB page size, pre-allocated 0 pages
[   10.433289] zbud: loaded
[   10.437599] VFS: Disk quotas dquot_6.6.0
[   10.467150] VFS: Dquot-cache hash table entries: 512 (order 0, 4096 bytes)
[   10.488745] squashfs: version 4.0 (2009/01/31) Phillip Lougher
[   10.499301] fuse init (API version 7.23)
[   10.503772] Key type big_key registered
[   10.516223] Allocating IMA MOK and blacklist keyrings.
[   10.529364] Key type asymmetric registered
[   10.543382] Asymmetric key parser 'x509' registered
[   10.549626] Block layer SCSI generic (bsg) driver version 0.4 loaded (major 249)
[   10.565486] io scheduler noop registered
[   10.573894] io scheduler deadline registered (default)
[   10.588455] io scheduler cfq registered
[   10.589546] pci_hotplug: PCI Hot Plug PCI Core version: 0.5
[   10.592145] pciehp: PCI Express Hot Plug Controller Driver version: 0.4
[   10.617016] ACPI: AC Adapter [AC] (on-line)
[   10.635089] input: Power Button as /devices/LNXSYSTM:00/LNXPWRBN:00/input/input0
[   10.698037] ACPI: Power Button [PWRF]
[   10.699159] input: Sleep Button as /devices/LNXSYSTM:00/LNXSLPBN:00/input/input1
[   10.723952] ACPI: Sleep Button [SLPF]
[   10.726068] ACPI: Battery Slot [BAT0] (battery present)
[   10.778306] GHES: HEST is not enabled!
[   10.779411] Serial: 8250/16550 driver, 32 ports, IRQ sharing enabled
[   10.803977] 00:02: ttyS0 at I/O 0x3f8 (irq = 4, base_baud = 115200) is a 16550A
[   10.875675] Linux agpgart interface v0.103
[   10.884752] loop: module loaded
[   10.904477] scsi host0: ata_piix
[   10.905937] scsi host1: ata_piix
[   10.916899] ata1: PATA max UDMA/33 cmd 0x1f0 ctl 0x3f6 bmdma 0xd000 irq 14
[   10.924921] ata2: PATA max UDMA/33 cmd 0x170 ctl 0x376 bmdma 0xd008 irq 15
[   10.933761] libphy: Fixed MDIO Bus: probed
[   10.938309] tun: Universal TUN/TAP device driver, 1.6
[   10.944466] tun: (C) 1999-2004 Max Krasnyansky <maxk@qualcomm.com>
[   10.950716] PPP generic driver version 2.4.2
[   10.961523] ehci_hcd: USB 2.0 'Enhanced' Host Controller (EHCI) Driver
[   11.056504] ehci-pci: EHCI PCI platform driver
[   11.148142] ehci-platform: EHCI generic platform driver
[   11.203588] ohci_hcd: USB 1.1 'Open' Host Controller (OHCI) Driver
[   11.229143] ohci-pci: OHCI PCI platform driver
[   11.280452] ohci-platform: OHCI generic platform driver
[   11.302199] uhci_hcd: USB Universal Host Controller Interface driver
[   11.329992] tsc: Refined TSC clocksource calibration: 2599.935 MHz
[   11.329994] clocksource: tsc: mask: 0xffffffffffffffff max_cycles: 0x2579fe79471, max_idle_ns: 440795211806 ns
[   11.438259] i8042: PNP: PS/2 Controller [PNP0303:PS2K,PNP0f03:PS2M] at 0x60,0x64 irq 1,12
[   11.555142] serio: i8042 KBD port at 0x60,0x64 irq 1
[   11.611990] serio: i8042 AUX port at 0x60,0x64 irq 12
[   11.613436] mousedev: PS/2 mouse device common for all mice
[   11.638527] rtc_cmos rtc_cmos: rtc core: registered rtc_cmos as rtc0
[   11.655191] rtc_cmos rtc_cmos: alarms up to one day, 114 bytes nvram
[   11.774268] input: AT Translated Set 2 keyboard as /devices/platform/i8042/serio0/input/input2
[   11.885984] i2c /dev entries driver
[   11.892941] device-mapper: uevent: version 1.0.3
[   11.924266] device-mapper: ioctl: 4.34.0-ioctl (2015-10-28) initialised: dm-devel@redhat.com
[   12.027285] ledtrig-cpu: registered to indicate activity on CPUs
[   12.094043] NET: Registered protocol family 10
[   12.105092] NET: Registered protocol family 17
[   12.115790] Key type dns_resolver registered
[   12.120877] registered taskstats version 1
[   12.127762] Loading compiled-in X.509 certificates
[   12.139549] Loaded X.509 cert 'Build time autogenerated kernel key: 9f6f572a3ee0cb468eb8db4aa61815bc74ef6adb'
[   12.190612] zswap: loaded using pool lzo/zbud
[   12.199254] Key type trusted registered
[   12.211924] Key type encrypted registered
[   12.213024] AppArmor: AppArmor sha1 policy hashing enabled
[   12.215729] ima: No TPM chip found, activating TPM-bypass!
[   12.227842] evm: HMAC attrs: 0x1
[   12.233706]   Magic number: 2:836:945
[   12.239019] tty tty2: hash matches
[   12.243605] processor cpu0: hash matches
[   12.248497] rtc_cmos rtc_cmos: setting system clock to 2018-05-30 16:55:43 UTC (1527699343)
[   12.269224] BIOS EDD facility v0.16 2004-Jun-25, 0 devices found
[   12.276818] EDD information not available.
[   12.289871] Freeing unused kernel memory: 1512K
[   12.296625] Write protecting the kernel read-only data: 14336k
[   12.306558] Freeing unused kernel memory: 1692K
[   12.307882] Freeing unused kernel memory: 96K
Loading, please wait...
[   12.387947] random: systemd-udevd: uninitialized urandom read (16 bytes read, 3 bits of entropy available)
starting version[   12.388686] random: udevadm: uninitialized urandom read (16 bytes read, 3 bits of entropy available)
 229
[   12.388713] random: udevadm: uninitialized urandom read (16 bytes read, 3 bits of entropy available)
[   12.401197] random: udevadm: uninitialized urandom read (16 bytes read, 3 bits of entropy available)
[   12.401248] random: udevadm: uninitialized urandom read (16 bytes read, 3 bits of entropy available)
[   12.401423] random: udevadm: uninitialized urandom read (16 bytes read, 3 bits of entropy available)
[   12.401490] random: udevadm: uninitialized urandom read (16 bytes read, 3 bits of entropy available)
[   12.401556] random: udevadm: uninitialized urandom read (16 bytes read, 3 bits of entropy available)
[   12.401623] random: udevadm: uninitialized urandom read (16 bytes read, 3 bits of entropy available)
[   12.401690] random: udevadm: uninitialized urandom read (16 bytes read, 3 bits of entropy available)
[   13.215070] e1000: Intel(R) PRO/1000 Network Driver - version 7.3.21-k8-NAPI
[   13.249467] e1000: Copyright (c) 1999-2006 Intel Corporation.
[   13.274629] Fusion MPT base driver 3.04.20
[   13.291512] Copyright (c) 1999-2008 LSI Corporation
[   13.538671] Fusion MPT SPI Host driver 3.04.20
[   13.561575] AVX version of gcm_enc/dec engaged.
[   13.569250] AES CTR mode by8 optimization enabled
[   13.578168] input: ImExPS/2 Generic Explorer Mouse as /devices/platform/i8042/serio1/input/input4
[   13.897542] e1000 0000:00:03.0 eth0: (PCI:33MHz:32-bit) 02:70:57:db:6d:ee
[   13.949126] e1000 0000:00:03.0 eth0: Intel(R) PRO/1000 Network Connection
[   13.975091] mptbase: ioc0: Initiating bringup
[   13.975400] e1000 0000:00:03.0 enp0s3: renamed from eth0
[   14.133244] ioc0: LSI53C1030 A0: Capabilities={Initiator}
[   14.330750] scsi host2: ioc0: LSI53C1030 A0, FwRev=00000000h, Ports=1, MaxQ=256, IRQ=20
[   14.584676] scsi 2:0:0:0: Direct-Access     VBOX     HARDDISK         1.0  PQ: 0 ANSI: 5
[   14.621648] scsi target2:0:0: Beginning Domain Validation
[   14.676238] scsi target2:0:0: Domain Validation skipping write tests
[   14.729609] scsi target2:0:0: Ending Domain Validation
[   14.742414] scsi target2:0:0: asynchronous
[   14.779229] scsi 2:0:1:0: Direct-Access     VBOX     HARDDISK         1.0  PQ: 0 ANSI: 5
[   14.800653] scsi target2:0:1: Beginning Domain Validation
[   14.804089] scsi target2:0:1: Domain Validation skipping write tests
[   14.806763] scsi target2:0:1: Ending Domain Validation
[   14.812134] scsi target2:0:1: asynchronous
[   14.830494] sd 2:0:0:0: Attached scsi generic sg0 type 0
[   14.836955] sd 2:0:0:0: [sda] 20971520 512-byte logical blocks: (10.7 GB/10.0 GiB)
[   14.837184] sd 2:0:1:0: Attached scsi generic sg1 type 0
[   14.837394] sd 2:0:1:0: [sdb] 20480 512-byte logical blocks: (10.5 MB/10.0 MiB)
[   14.837694] sd 2:0:1:0: [sdb] Write Protect is off
[   14.837805] sd 2:0:1:0: [sdb] Incomplete mode parameter data
[   14.837806] sd 2:0:1:0: [sdb] Assuming drive cache: write through
[   14.855329] sd 2:0:1:0: [sdb] Attached SCSI disk
[   15.125516] sd 2:0:0:0: [sda] Write Protect is off
[   15.129690] sd 2:0:0:0: [sda] Incomplete mode parameter data
[   15.137152] sd 2:0:0:0: [sda] Assuming drive cache: write through
[   15.146270]  sda: sda1
[   15.150337] sd 2:0:0:0: [sda] Attached SCSI disk
Begin: Loading e[   16.563874] md: linear personality registered for level -1
ssential drivers[   16.574594] md: multipath personality registered for level -4
 ... [   16.627992] md: raid0 personality registered for level 0
[   16.639045] md: raid1 personality registered for level 1
[   16.772820] raid6: sse2x1   gen()  8565 MB/s
[   16.877035] raid6: sse2x1   xor()  6097 MB/s
[   16.948602] raid6: sse2x2   gen()  6851 MB/s
[   17.048811] raid6: sse2x2   xor()  7335 MB/s
[   17.148559] raid6: sse2x4   gen() 12750 MB/s
[   17.256748] raid6: sse2x4   xor()  8780 MB/s
[   17.302833] raid6: using algorithm sse2x4 gen() 12750 MB/s
[   17.339716] raid6: .... xor() 8780 MB/s, rmw enabled
[   17.357321] raid6: using ssse3x2 recovery algorithm
[   17.413304] xor: automatically using best checksumming function:
[   17.468710]    avx       : 21738.000 MB/sec
[   17.500724] async_tx: api initialized (async)
[   17.550203] md: raid6 personality registered for level 6
[   17.594184] md: raid5 personality registered for level 5
[   17.670934] md: raid4 personality registered for level 4
[   17.694818] md: raid10 personality registered for level 10
done.
Begin: Running /scripts/init-premount ... done.
Begin: Mounting root file system ... Begin: Running /scripts/local-top ... done.
Begin: Running /scripts/local-premount ... [   17.792699] Btrfs loaded
Scanning for Btrfs filesystems
done.
Warning: fsck not present, so skipping root file[   17.845790] EXT4-fs (sda1): mounted filesystem with ordered data mode. Opts: (null)
 system
done.
Begin: Running /scripts/local-bottom ... done.
Begin: Running /scripts/init-bottom ... done.
[   18.014674] systemd[1]: systemd 229 running in system mode. (+PAM +AUDIT +SELINUX +IMA +APPARMOR +SMACK +SYSVINIT +UTMP +LIBCRYPTSETUP +GCRYPT +GNUTLS +ACL +XZ -LZ4 +SECCOMP +BLKID +ELFUTILS +KMOD -IDN)
[   18.079683] systemd[1]: Detected virtualization oracle.
[   18.157165] systemd[1]: Detected architecture x86-64.

Welcome to [1mUbuntu 16.04.4 LTS[0m!

[   18.258195] systemd[1]: Set hostname to <ubuntu-xenial>.
[   18.555354] systemd[1]: Reached target System Time Synchronized.
[[0;32m  OK  [0m] Reached target System Time Synchronized.
[   18.653029] systemd[1]: Listening on LVM2 poll daemon socket.
[[0;32m  OK  [0m] Listening on LVM2 poll daemon socket.
[   18.712960] systemd[1]: Reached target User and Group Name Lookups.
[[0;32m  OK  [0m] Reached target User and Group Name Lookups.
[   18.826553] systemd[1]: Started Forward Password Requests to Wall Directory Watch.
[[0;32m  OK  [0m] Started Forward Password Requests to Wall Directory Watch.
[   18.929121] systemd[1]: Reached target Swap.
[[0;32m  OK  [0m] Reached target Swap.
[   18.985729] systemd[1]: Created slice System Slice.
[[0;32m  OK  [0m] Created slice System Slice.
[   19.040752] systemd[1]: Listening on Journal Audit Socket.
[[0;32m  OK  [0m] Listening on Journal Audit Socket.
[   19.093394] systemd[1]: Reached target Encrypted Volumes.
[[0;32m  OK  [0m] Reached target Encrypted Volumes.
[   19.149640] systemd[1]: Created slice User and Session Slice.
[[0;32m  OK  [0m] Created slice User and Session Slice.
[   19.241336] systemd[1]: Reached target Slices.
[[0;32m  OK  [0m] Reached target Slices.
[   19.281007] systemd[1]: Listening on /dev/initctl Compatibility Named Pipe.
[[0;32m  OK  [0m] Listening on /dev/initctl Compatibility Named Pipe.
[   19.389315] systemd[1]: Set up automount Arbitrary Executable File Formats File System Automount Point.
[[0;32m  OK  [0m] Set up automount Arbitrary Executab...ats File System Automount Point.
[   19.461582] systemd[1]: Created slice system-serial\x2dgetty.slice.
[[0;32m  OK  [0m] Created slice system-serial\x2dgetty.slice.
[   19.626135] systemd[1]: Listening on udev Control Socket.
[[0;32m  OK  [0m] Listening on udev Control Socket.
[   19.740856] systemd[1]: Started Trigger resolvconf update for networkd DNS.
[[0;32m  OK  [0m] Started Trigger resolvconf update for networkd DNS.
[   19.849303] systemd[1]: Listening on Journal Socket (/dev/log).
[[0;32m  OK  [0m] Listening on Journal Socket (/dev/log).
[   19.983776] systemd[1]: Listening on Syslog Socket.
[[0;32m  OK  [0m] Listening on Syslog Socket.
[   20.020201] systemd[1]: Listening on Device-mapper event daemon FIFOs.
[[0;32m  OK  [0m] Listening on Device-mapper event daemon FIFOs.
[   20.144863] systemd[1]: Listening on udev Kernel Socket.
[[0;32m  OK  [0m] Listening on udev Kernel Socket.
[   20.217425] systemd[1]: Listening on Journal Socket.
[[0;32m  OK  [0m] Listening on Journal Socket.
[   20.264918] systemd[1]: Starting Create list of required static device nodes for the current kernel...
         Starting Create list of required st... nodes for the current kernel...
[   20.405200] systemd[1]: Mounting POSIX Message Queue File System...
         Mounting POSIX Message Queue File System...
[   20.509163] systemd[1]: Starting Load Kernel Modules...
[   20.524691] Loading iSCSI transport class v2.0-870.
         Starting Load Kernel Mo[   20.540232] iscsi: registered transport (tcp)
dules...
[   20.574842] systemd[1]: Starting Set console keymap...
         Starting Set con[   20.624715] iscsi: registered transport (iser)
sole keymap...
[   20.661603] systemd[1]: Starting Journal Service...
[   20.677449] random: nonblocking pool is initialized
         Starting Journal Service...
[   20.756933] systemd[1]: Starting Remount Root and Kernel File Systems...
         [   20.834543] EXT4-fs (sda1): re-mounted. Opts: (null)
Starting Remount Root and Kernel File Systems...
[   20.905423] systemd[1]: Mounting Debug File System...
         Mounting Debug File System...
[   20.963032] systemd[1]: Mounting Huge Pages File System...
         Mounting Huge Pages File System...
[   21.036971] systemd[1]: Starting Uncomplicated firewall...
         Starting Uncomplicated firewall...
[   21.136939] systemd[1]: Starting Nameserver information manager...
         Starting Nameserver information manager...
[   21.229056] systemd[1]: Listening on LVM2 metadata daemon socket.
[[0;32m  OK  [0m] Listening on LVM2 metadata daemon socket.
[   21.316973] systemd[1]: Starting Monitoring of LVM2 mirrors, snapshots etc. using dmeventd or progress polling...
         Starting Monitoring of LVM2 mirrors... dmeventd or progress polling...
[   21.413494] systemd[1]: Mounted POSIX Message Queue File System.
[[0;32m  OK  [0m] Mounted POSIX Message Queue File System.
[   21.429893] systemd[1]: Mounted Huge Pages File System.
[[0;32m  OK  [0m] Mounted Huge Pages File System.
[   21.432706] systemd[1]: Mounted Debug File System.
[[0;32m  OK  [0m] Mounted Debug File System.
[   21.445282] systemd[1]: Started Journal Service.
[[0;32m  OK  [0m] Started Journal Service.
[[0;32m  OK  [0m] Started Create list of required sta...ce nodes for the current kernel.
[[0;32m  OK  [0m] Started Load Kernel Modules.
[[0;32m  OK  [0m] Started Set console keymap.
[[0;32m  OK  [0m] Started Remount Root and Kernel File Systems.
[[0;32m  OK  [0m] Started Uncomplicated firewall.
[[0;32m  OK  [0m] Started Nameserver information manager.
[[0;32m  OK  [0m] Started LVM2 metadata daemon.
         Starting Load/Save Random Seed...
         Starting udev Coldplug all Devices...
         Starting Apply Kernel Variables...
         Mounting FUSE Control File System...
         Starting Create Static Device Nodes in /dev...
         Starting Flush Journal to Persistent Storage...
[[0;32m  OK  [0m] Mounted FUSE Control File System.
[[0;32m  OK  [0m] Started Monitoring of LVM2 mirrors,...ng dmeventd or progress polling.
[[0;32m  OK  [0m] Started Load/Save Random Seed.
[[0;32m  OK  [0m] Started Apply Kernel Variables.
[[0;32m  OK  [0m] Started Create Static Device Nodes in /dev.
[[0;32m  OK  [0m] Started udev Coldplug all Devices.
[[0;32m  OK  [0m] Started Flush Journal to Persistent Storage.
         Starting udev Kernel Device Manager...
[[0;32m  OK  [0m] Started udev Kernel Device Manager.
[[0;32m  OK  [0m] Reached target Local File Systems (Pre).
[[0;32m  OK  [0m] Reached target Local File Systems.
         Starting LSB: AppArmor initialization...
         Starting Set console font and keymap...
         Starting Tell Plymouth To Write Out Runtime Data...
         Starting Initial cloud-init job (pre-networking)...
         Starting Create Volatile Files and Directories...
[[0;32m  OK  [0m] Started Dispatch Password Requests to Console Directory Watch.
[[0;32m  OK  [0m] Started Tell Plymouth To Write Out Runtime Data.
[[0;32m  OK  [0m] Started Create Volatile Files and Directories.
         Starting Update UTMP about System Boot/Shutdown...
[[0;32m  OK  [0m] Started Update UTMP about System Boot/Shutdown.
[[0;32m  OK  [0m] Started LSB: AppArmor initialization.
[[0;32m  OK  [0m] Found device /dev/ttyS0.
[[0;32m  OK  [0m] Started Set console font and keymap.
[[0;32m  OK  [0m] Listening on Load/Save RF Kill Switch Status /dev/rfkill Watch.
[[0;32m  OK  [0m] Created slice system-getty.slice.
[   18.108824] cloud-init[485]: Cloud-init v. 18.2 running 'init-local' at Wed, 30 May 2018 16:55:54 +0000. Up 17.79 seconds.
[[0;32m  OK  [0m] Found device 82540EM Gigabit Ethern...r (PRO/1000 MT Desktop Adapter).
[[0;32m  OK  [0m] Started Initial cloud-init job (pre-networking).
[[0;32m  OK  [0m] Reached target Network (Pre).
[[0;32m  OK  [0m] Started ifup for enp0s3.
         Starting Raise network interfaces...
[[0;32m  OK  [0m] Started Raise network interfaces.
[[0;32m  OK  [0m] Reached target Network.
         Starting Initial cloud-init job (metadata service crawler)...
[   19.483251] cloud-init[984]: Cloud-init v. 18.2 running 'init' at Wed, 30 May 2018 16:55:56 +0000. Up 19.09 seconds.
[   19.569417] cloud-init[984]: ci-info: +++++++++++++++++++++++++++++++++++++Net device info++++++++++++++++++++++++++++++++++++++
[[0;32m  OK  [0m] Started Initial cloud-init job (metadata service crawler).
[[   19.642031] cloud-init[984]: ci-info: +--------+------+----------------------------+---------------+-------+-------------------+
[   19.686414] cloud-init[984]: ci-info: | Device |  Up  |          Address           |      Mask     | Scope |     Hw-Address    |
[0;32m  OK  [0m] Reached target Network is Online.
[   19.686513] cloud-init[984]: ci-info: +--------+------+----------------------------+---------------+-------+-------------------+
[   19.977455] cloud-init[984]: ci-info: | enp0s3 | True |         10.0.2.15          | 255.255.255.0 |   .   | 02:70:57:db:6d:ee |
[   20.169262] cloud-init[984]: ci-info: | enp0s3 | True | fe80::70:57ff:fedb:6dee/64 |       .       |  link | 02:70:57:db:6d:ee |
[   20.169882] cloud-init[984]: ci-info: |   lo   | True |         127.0.0.1          |   255.0.0.0   |   .   |         .         |
         Starting iSCSI initiator daemon (iscsid)...
[[   20.170186] cloud-init[984]: ci-info: |   lo   | True |          ::1/128           |       .       |  host |         .         |
[   20.383102] cloud-init[984]: ci-info: +--------+------+----------------------------+---------------+-------+-------------------+
[0;32m  OK  [0m] Reached target System Initialization.
[[   20.383184] cloud-init[984]: ci-info: +++++++++++++++++++++++++++Route IPv4 info++++++++++++++++++++++++++++
[   20.596865] cloud-init[984]: ci-info: +-------+-------------+----------+---------------+-----------+-------+
[0;32m  OK  [0m] Started Daily Cleanup of Temporary Directories.
[[   20.596946] cloud-init[984]: ci-info: | Route | Destination | Gateway  |    Genmask    | Interface | Flags |
[   20.740947] cloud-init[984]: ci-info: +-------+-------------+----------+---------------+-----------+-------+
[0;32m  OK  [0m] Listening on UUID daemon activation socket.
[   20.741031] cloud-init[984]: ci-info: |   0   |   0.0.0.0   | 10.0.2.2 |    0.0.0.0    |   enp0s3  |   UG  |
[   20.993915] cloud-init[984]: ci-info: |   1   |   10.0.2.0  | 0.0.0.0  | 255.255.255.0 |   enp0s3  |   U   |
[   20.994247] cloud-init[984]: ci-info: +-------+-------------+----------+---------------+-----------+-------+
         Starting LXD - unix socket.
[[0;32m  OK  [0m] Started Daily apt download activities.
[[0;32m  OK  [0m] Started Daily apt upgrade and clean activities.
         Starting Socket activation for snappy daemon.
[[0;32m  OK  [0m] Started ACPI Events Check.
[[0;32m  OK  [0m] Reached target Paths.
[[0;32m  OK  [0m] Reached target Timers.
[[0;32m  OK  [0m] Listening on D-Bus System Message Bus Socket.
[[0;32m  OK  [0m] Listening on ACPID Listen Socket.
[[0;32m  OK  [0m] Reached target Cloud-config availability.
[[0;32m  OK  [0m] Listening on LXD - unix socket.
[[0;32m  OK  [0m] Listening on Socket activation for snappy daemon.
[[0;32m  OK  [0m] Started iSCSI initiator daemon (iscsid).
         Starting Login to default iSCSI targets...
[[0;32m  OK  [0m] Reached target Sockets.
[[0;32m  OK  [0m] Reached target Basic System.
[[0;32m  OK  [0m] Started Unattended Upgrades Shutdown.
[[0;32m  OK  [0m] Started D-Bus System Message Bus.
[[0;32m  OK  [0m] Started Regular background program processing daemon.
[[0;32m  OK  [0m] Started Deferred execution scheduler.
         Starting Apply the settings specified in cloud-config...
         Starting LSB: MD monitoring daemon...
         Starting Login Service...
[[0;32m  OK  [0m] Started FUSE filesystem for LXC.
         Starting /etc/rc.local Compatibility...
[[0;32m  OK  [0m] Started ACPI event daemon.
         Starting System Logging Service...
         Starting Virtualbox guest utils...
         Starting OpenBSD Secure Shell server...
         Starting Accounts Service...
         Starting Snappy daemon...
         Starting LSB: Record successful boot for GRUB...
         Starting LXD - container startup/shutdown...
[[0;32m  OK  [0m] Started System Logging Service.
[[0;32m  OK  [0m] Started OpenBSD Secure Shell server.
[[0;32m  OK  [0m] Started Snappy daemon.
[[0;32m  OK  [0m] Started /etc/rc.local Compatibility.
[[0;32m  OK  [0m] Started LXD - container startup/shutdown.
[[0;32m  OK  [0m] Started Login to default iSCSI targets.
[[0;32m  OK  [0m] Started LSB: MD monitoring daemon.
[[0;32m  OK  [0m] Started Login Service.
[   22.797398] cloud-init[1048]: Cloud-init v. 18.2 running 'modules:config' at Wed, 30 May 2018 16:55:59 +0000. Up 22.49 seconds.
[[0;32m  OK  [0m] Started Virtualbox guest utils.
[[0;32m  OK  [0m] Started Apply the settings specified in cloud-config.
[[0;32m  OK  [0m] Started LSB: Record successful boot for GRUB.
         Starting Authenticate and Authorize Users to Run Privileged Tasks...
[[0;32m  OK  [0m] Reached target Remote File Systems (Pre).
[[0;32m  OK  [0m] Reached target Remote File Systems.
         Starting Permit User Sessions...
         Starting LSB: daemon to balance interrupts for SMP systems...
         Starting LSB: Set the CPU Frequency Scaling governor to "ondemand"...
         Starting LSB: automatic crash report generation...
[[0;32m  OK  [0m] Started Permit User Sessions.
[[0;32m  OK  [0m] Started Authenticate and Authorize Users to Run Privileged Tasks.
[[0;32m  OK  [0m] Started Accounts Service.
[[0;32m  OK  [0m] Started LSB: Set the CPU Frequency Scaling governor to "ondemand".
[[0;32m  OK  [0m] Started LSB: daemon to balance interrupts for SMP systems.
[[0;32m  OK  [0m] Created slice User Slice of vagrant.
[[0;32m  OK  [0m] Started Session 1 of user vagrant.
         Starting User Manager for UID 1000...
         Starting Hold until boot process finishes up...
         Starting Terminate Plymouth Boot Screen...
[[0;32m  OK  [0m] Started User Manager for UID 1000.
[[0;32m  OK  [0m] Started LSB: automatic crash report generation.
[[0;32m  OK  [0m] Started Hold until boot process finishes up.
[[0;32m  OK  [0m] Started Terminate Plymouth Boot Screen.
[[0;32m  OK  [0m] Started Getty on tty1.
         Starting Set console scheme...
[[0;32m  OK  [0m] Started Serial Getty on ttyS0.
[[0;32m  OK  [0m] Reached target Login Prompts.
[[0;32m  OK  [0m] Reached target Multi-User System.
         Starting Execute cloud user/final scripts...
[[0;32m  OK  [0m] Reached target Graphical Interface.
         Starting Update UTMP about System Runlevel Changes...
[[0;32m  OK  [0m] Started Set console scheme.
[[0;32m  OK  [0m] Started Update UTMP about System Runlevel Changes.
[   24.292548] cloud-init[1223]: Cloud-init v. 18.2 running 'modules:final' at Wed, 30 May 2018 16:56:01 +0000. Up 24.13 seconds.
[   24.309539] cloud-init[1223]: Cloud-init v. 18.2 finished at Wed, 30 May 2018 16:56:01 +0000. Datasource DataSourceNoCloud [seed=/dev/sdb][dsmode=net].  Up 24.27 seconds
[[0;32m  OK  [0m] Started Execute cloud user/final scripts.
[[0;32m  OK  [0m] Reached target Cloud-init target.

Ubuntu 16.04.4 LTS ubuntu-xenial ttyS0

ubuntu-xenial login: 